#-----------------------------------------------------------
# Vivado v2025.2 (64-bit)
# SW Build 6299465 on Fri Nov 14 19:35:11 GMT 2025
# IP Build 6300035 on Fri Nov 14 10:48:45 MST 2025
# SharedData Build 6298862 on Thu Nov 13 04:50:51 MST 2025
# Start of session at: Tue Feb  3 20:32:43 2026
# Process ID         : 28320
# Current directory  : C:/Users/jephin/Git-projects/pynq_video_demo/pynq_video_demo/pynq_video_demo.runs/synth_1
# Command line       : vivado.exe -log moire_pattern_gen.vds -product Vivado -mode batch -messageDb vivado.pb -notrace -source moire_pattern_gen.tcl
# Log file           : C:/Users/jephin/Git-projects/pynq_video_demo/pynq_video_demo/pynq_video_demo.runs/synth_1/moire_pattern_gen.vds
# Journal file       : C:/Users/jephin/Git-projects/pynq_video_demo/pynq_video_demo/pynq_video_demo.runs/synth_1\vivado.jou
# Running On         : DTU-5CG5143G63
# Platform           : Windows Server 2016 or Windows 10
# Operating System   : 26200
# Processor Detail   : Intel(R) Core(TM) Ultra 7 165U
# CPU Frequency      : 2688 MHz
# CPU Physical cores : 12
# CPU Logical cores  : 14
# Host memory        : 33751 MB
# Swap memory        : 536 MB
# Total Virtual      : 34288 MB
# Available Virtual  : 9150 MB
#-----------------------------------------------------------
source moire_pattern_gen.tcl -notrace
